// Jest Snapshot v1, https://goo.gl/fbAQLP

exports[`WhichRobot Component renders correctly 1`] = `
<Container>
  <List
    linedRows={true}
    scrollable={true}
    style={
      Object {
        "marginBottom": 132,
      }
    }
  >
    <CardListItem
      image={
        Object {
          "process": [Function],
        }
      }
      key="0"
      onPress={[Function]}
      title="Test Robot"
    />
    <CardListItem
      image={
        Object {
          "process": [Function],
        }
      }
      onPress={[Function]}
      text="The open source robot that you can build yourself"
      title="Otto DIY"
    />
    <CardListItem
      image={
        Object {
          "process": [Function],
        }
      }
      onPress={[Function]}
      text="The world's cutest open source robotic kitten"
      title="Nybble"
    />
    <CardListItem
      image={
        Object {
          "process": [Function],
        }
      }
      onPress={[Function]}
      text="MARK (Make A Robot Kit), your hands on AI robot"
      title="MARK"
    />
    <CardListItem
      image={
        Object {
          "process": [Function],
        }
      }
      onPress={[Function]}
      text="Letâ€™s see if your robot has what it takes"
      title="Custom Robot"
    />
    <CardListItem
      image={
        Object {
          "process": [Function],
        }
      }
      onPress={[Function]}
      text="No robot, no problem, simulator to the rescue"
      title="Robot Simulator"
    />
  </List>
  <Footer>
    <Card
      text="Choose the robot you want to play with"
    />
  </Footer>
</Container>
`;
