// Jest Snapshot v1, https://goo.gl/fbAQLP

exports[`SetupRobotNewSkillCategory Component renders correctly 1`] = `
<Container>
  <View
    style={
      Object {
        "margin": 16,
      }
    }
  >
    <Text
      style={
        Object {
          "color": "#354052",
          "fontFamily": "Roboto-Medium",
          "fontSize": 18,
        }
      }
    >
      Category
    </Text>
    <View
      style={
        Object {
          "marginVertical": 8,
        }
      }
    >
      <TextInput
        name="Sounds"
        onChangeText={[Function]}
        style={
          Object {
            "marginVertical": 4,
          }
        }
        value="Sounds"
      />
    </View>
  </View>
</Container>
`;
