// Jest Snapshot v1, https://goo.gl/fbAQLP

exports[`SetupRobotMoves Component renders correctly 1`] = `
<Container>
  <CompactListItem
    key="stop-M 0"
    onPress={[Function]}
    subtitle="M 0"
    title="Stop"
  />
  <CompactListItem
    key="forwards-M 1"
    onPress={[Function]}
    subtitle="M 1"
    title="Forwards"
  />
  <CompactListItem
    key="backwards-M 2"
    onPress={[Function]}
    subtitle="M 2"
    title="Backwards"
  />
  <CompactListItem
    key="left-M 3"
    onPress={[Function]}
    subtitle="M 3"
    title="Left"
  />
  <CompactListItem
    key="right-M 4"
    onPress={[Function]}
    subtitle="M 4"
    title="Right"
  />
</Container>
`;
