// Jest Snapshot v1, https://goo.gl/fbAQLP

exports[`Player Component renders correctly 1`] = `
<Container>
  <View
    style={
      Object {
        "flex": 1,
        "flexDirection": "row",
        "height": "100%",
      }
    }
  >
    <PlayerSideParams
      defaultIndex={1}
      labels={
        Array [
          "Slow",
          "Normal",
          "Fast",
        ]
      }
      onPress={[Function]}
      title="Speed"
      values={
        Array [
          "Slow",
          "Normal",
          "Fast",
        ]
      }
    />
    <PlayerCenterNav
      config={
        Object {
          "commands": Object {
            "sound": "K",
            "stop": "M 0",
            "walk": Object {
              "backwards": "M 2",
              "forwards": "M 1",
              "left": "M 4",
              "right": "M 3",
            },
          },
          "connection": Object {
            "settings": Object {
              "newLine": true,
            },
            "type": "bluetooth",
          },
          "description": "The open source robot that you can build yourself",
          "features": Object {
            "beep": true,
            "drive": true,
            "landscape": true,
            "video": false,
          },
          "image": Object {
            "process": [Function],
          },
          "links": Array [
            Object {
              "title": "Build Instructions",
              "url": "https://wikifactory.com/+OttoDIY/otto-diy-plus",
            },
            Object {
              "title": "Build Video",
              "url": "https://youtu.be/8R6thwyIeb8",
            },
            Object {
              "title": "Website",
              "url": "https://www.ottodiy.com",
            },
          ],
          "moves": Array [
            Object {
              "cmd": "M 0",
              "showDuration": true,
              "title": "Wait",
            },
            Object {
              "cmd": "M 1",
              "showDuration": true,
              "title": "Forwards",
            },
            Object {
              "cmd": "M 2",
              "showDuration": true,
              "title": "Back",
            },
            Object {
              "cmd": "M 3",
              "showDuration": true,
              "title": "Left",
            },
            Object {
              "cmd": "M 4",
              "showDuration": true,
              "title": "Right",
            },
          ],
          "name": "Otto DIY",
          "params": Array [
            Object {
              "defaultIndex": 1,
              "title": "Speed",
              "values": Array [
                "Slow",
                "Normal",
                "Fast",
              ],
            },
          ],
          "showSkillIcons": true,
          "skills": Array [
            Object {
              "category": "Skills",
              "items": Array [
                Object {
                  "cmd": "M 5",
                  "image": Object {
                    "process": [Function],
                  },
                  "title": "Up Down",
                },
                Object {
                  "cmd": "M 6",
                  "image": Object {
                    "process": [Function],
                  },
                  "title": "Moonwalk Right",
                },
                Object {
                  "cmd": "M 7",
                  "image": Object {
                    "process": [Function],
                  },
                  "title": "Moonwalk Left",
                },
                Object {
                  "cmd": "M 8",
                  "image": Object {
                    "process": [Function],
                  },
                  "title": "Swing",
                },
                Object {
                  "cmd": "M 20",
                  "image": Object {
                    "process": [Function],
                  },
                  "title": "Ascend",
                },
                Object {
                  "cmd": "M 9",
                  "image": Object {
                    "process": [Function],
                  },
                  "title": "Cross Right",
                },
                Object {
                  "cmd": "M 10",
                  "image": Object {
                    "process": [Function],
                  },
                  "title": "Cross Left",
                },
                Object {
                  "cmd": "M 12",
                  "image": Object {
                    "process": [Function],
                  },
                  "title": "Flap Front",
                },
                Object {
                  "cmd": "M 13",
                  "image": Object {
                    "process": [Function],
                  },
                  "title": "Flap Back",
                },
                Object {
                  "cmd": "M 14",
                  "image": Object {
                    "process": [Function],
                  },
                  "title": "Tiptoe",
                },
                Object {
                  "cmd": "M 15",
                  "image": Object {
                    "process": [Function],
                  },
                  "title": "Bend Right",
                },
                Object {
                  "cmd": "M 16",
                  "image": Object {
                    "process": [Function],
                  },
                  "title": "Bend Left",
                },
                Object {
                  "cmd": "M 17",
                  "image": Object {
                    "process": [Function],
                  },
                  "title": "Shake Right",
                },
                Object {
                  "cmd": "M 18",
                  "image": Object {
                    "process": [Function],
                  },
                  "title": "Shake Left",
                },
                Object {
                  "cmd": "M 19",
                  "image": Object {
                    "process": [Function],
                  },
                  "title": "Jitter",
                },
              ],
            },
            Object {
              "category": "Sounds",
              "items": Array [
                Object {
                  "cmd": "K 1",
                  "image": Object {
                    "process": [Function],
                  },
                  "title": "Beep",
                },
                Object {
                  "cmd": "K 2",
                  "image": Object {
                    "process": [Function],
                  },
                  "title": "Bye",
                },
                Object {
                  "cmd": "K 3",
                  "image": Object {
                    "process": [Function],
                  },
                  "title": "Surprise",
                },
                Object {
                  "cmd": "K 4",
                  "image": Object {
                    "process": [Function],
                  },
                  "title": "OhOoh",
                },
                Object {
                  "cmd": "K 6",
                  "image": Object {
                    "process": [Function],
                  },
                  "title": "Cuddly",
                },
                Object {
                  "cmd": "K 7",
                  "image": Object {
                    "process": [Function],
                  },
                  "title": "Sleeping",
                },
                Object {
                  "cmd": "K 8",
                  "image": Object {
                    "process": [Function],
                  },
                  "title": "Happy",
                },
                Object {
                  "cmd": "K 9",
                  "image": Object {
                    "process": [Function],
                  },
                  "title": "Super Happy",
                },
                Object {
                  "cmd": "K 11",
                  "image": Object {
                    "process": [Function],
                  },
                  "title": "Sad",
                },
                Object {
                  "cmd": "K 12",
                  "image": Object {
                    "process": [Function],
                  },
                  "title": "Confused",
                },
                Object {
                  "cmd": "K 13",
                  "image": Object {
                    "process": [Function],
                  },
                  "title": "Fart1",
                },
                Object {
                  "cmd": "K 14",
                  "image": Object {
                    "process": [Function],
                  },
                  "title": "Fart2",
                },
                Object {
                  "cmd": "K 15",
                  "image": Object {
                    "process": [Function],
                  },
                  "title": "Fart3",
                },
              ],
            },
            Object {
              "category": "Moods",
              "items": Array [
                Object {
                  "cmd": "H 1",
                  "image": Object {
                    "process": [Function],
                  },
                  "title": "Happy",
                },
                Object {
                  "cmd": "H 2",
                  "image": Object {
                    "process": [Function],
                  },
                  "title": "Super Happy",
                },
                Object {
                  "cmd": "H 3",
                  "image": Object {
                    "process": [Function],
                  },
                  "title": "Sad",
                },
                Object {
                  "cmd": "H 4",
                  "image": Object {
                    "process": [Function],
                  },
                  "title": "Sleeping",
                },
                Object {
                  "cmd": "H 5",
                  "image": Object {
                    "process": [Function],
                  },
                  "title": "Fart",
                },
                Object {
                  "cmd": "H 6",
                  "image": Object {
                    "process": [Function],
                  },
                  "title": "Confused",
                },
                Object {
                  "cmd": "H 7",
                  "image": Object {
                    "process": [Function],
                  },
                  "title": "Love",
                },
                Object {
                  "cmd": "H 8",
                  "image": Object {
                    "process": [Function],
                  },
                  "title": "Angry",
                },
                Object {
                  "cmd": "H 9",
                  "image": Object {
                    "process": [Function],
                  },
                  "title": "Fretful",
                },
                Object {
                  "cmd": "H 10",
                  "image": Object {
                    "process": [Function],
                  },
                  "title": "Magic",
                },
                Object {
                  "cmd": "H 11",
                  "image": Object {
                    "process": [Function],
                  },
                  "title": "Wave",
                },
                Object {
                  "cmd": "H 12",
                  "image": Object {
                    "process": [Function],
                  },
                  "title": "Victory",
                },
                Object {
                  "cmd": "H 13",
                  "image": Object {
                    "process": [Function],
                  },
                  "title": "Fail",
                },
              ],
            },
          ],
          "sounds": Array [
            Object {
              "key": "1",
              "name": "Beep",
            },
            Object {
              "key": "2",
              "name": "Bye",
            },
            Object {
              "key": "3",
              "name": "Surprise",
            },
            Object {
              "key": "4",
              "name": "OhOoh",
            },
            Object {
              "key": "6",
              "name": "Cuddly",
            },
            Object {
              "key": "7",
              "name": "Sleeping",
            },
            Object {
              "key": "8",
              "name": "Happy",
            },
            Object {
              "key": "9",
              "name": "Super Happy",
            },
            Object {
              "key": "11",
              "name": "Sad",
            },
            Object {
              "key": "12",
              "name": "Confused",
            },
            Object {
              "key": "14",
              "name": "Fart",
            },
          ],
        }
      }
      onSkillPress={[Function]}
      theme="primary"
    />
    <PlayerSideJoystick
      onDraggableMove={[Function]}
      onDraggableRelease={[Function]}
      onDraggableStart={[Function]}
      side="right"
    />
  </View>
  <Modal
    navigation={
      Object {
        "navigate": [Function],
      }
    }
    onBack={[Function]}
    onHidePress={[Function]}
    show={false}
    template="NotConnected"
  />
</Container>
`;
